Archive member included to satisfy reference by file (symbol)

c:/renesas/ra/e2studio_v2023-10_fsp_v5.0.0-beta.2/toolchains/gcc_arm/12.2.mpacbti-rel1/bin/../lib/gcc/arm-none-eabi/12.2.1/thumb/v8-m.main+fp/hard\libgcc.a(cmse.o)
                              ./src/g_can_guard.o (cmse_check_address_range)
c:/renesas/ra/e2studio_v2023-10_fsp_v5.0.0-beta.2/toolchains/gcc_arm/12.2.mpacbti-rel1/bin/../lib/gcc/arm-none-eabi/12.2.1/thumb/v8-m.main+fp/hard\libgcc.a(cmse_nonsecure_call.o)
                              ./ra/fsp/src/r_can/r_can.o (__gnu_cmse_nonsecure_call)
c:/renesas/ra/e2studio_v2023-10_fsp_v5.0.0-beta.2/toolchains/gcc_arm/12.2.mpacbti-rel1/bin/../lib/gcc/arm-none-eabi/12.2.1/thumb/v8-m.main+fp/hard\libg_nano.a(libc_a-exit.o)
                              c:/renesas/ra/e2studio_v2023-10_fsp_v5.0.0-beta.2/toolchains/gcc_arm/12.2.mpacbti-rel1/bin/../lib/gcc/arm-none-eabi/12.2.1/thumb/v8-m.main+fp/hard/crt0.o (exit)
c:/renesas/ra/e2studio_v2023-10_fsp_v5.0.0-beta.2/toolchains/gcc_arm/12.2.mpacbti-rel1/bin/../lib/gcc/arm-none-eabi/12.2.1/thumb/v8-m.main+fp/hard\libg_nano.a(libc_a-findfp.o)
                              c:/renesas/ra/e2studio_v2023-10_fsp_v5.0.0-beta.2/toolchains/gcc_arm/12.2.mpacbti-rel1/bin/../lib/gcc/arm-none-eabi/12.2.1/thumb/v8-m.main+fp/hard\libg_nano.a(libc_a-exit.o) (__stdio_exit_handler)
c:/renesas/ra/e2studio_v2023-10_fsp_v5.0.0-beta.2/toolchains/gcc_arm/12.2.mpacbti-rel1/bin/../lib/gcc/arm-none-eabi/12.2.1/thumb/v8-m.main+fp/hard\libg_nano.a(libc_a-fwalk.o)
                              c:/renesas/ra/e2studio_v2023-10_fsp_v5.0.0-beta.2/toolchains/gcc_arm/12.2.mpacbti-rel1/bin/../lib/gcc/arm-none-eabi/12.2.1/thumb/v8-m.main+fp/hard\libg_nano.a(libc_a-findfp.o) (_fwalk_sglue)
c:/renesas/ra/e2studio_v2023-10_fsp_v5.0.0-beta.2/toolchains/gcc_arm/12.2.mpacbti-rel1/bin/../lib/gcc/arm-none-eabi/12.2.1/thumb/v8-m.main+fp/hard\libg_nano.a(libc_a-stdio.o)
                              c:/renesas/ra/e2studio_v2023-10_fsp_v5.0.0-beta.2/toolchains/gcc_arm/12.2.mpacbti-rel1/bin/../lib/gcc/arm-none-eabi/12.2.1/thumb/v8-m.main+fp/hard\libg_nano.a(libc_a-findfp.o) (__sread)
c:/renesas/ra/e2studio_v2023-10_fsp_v5.0.0-beta.2/toolchains/gcc_arm/12.2.mpacbti-rel1/bin/../lib/gcc/arm-none-eabi/12.2.1/thumb/v8-m.main+fp/hard\libg_nano.a(libc_a-memset.o)
                              c:/renesas/ra/e2studio_v2023-10_fsp_v5.0.0-beta.2/toolchains/gcc_arm/12.2.mpacbti-rel1/bin/../lib/gcc/arm-none-eabi/12.2.1/thumb/v8-m.main+fp/hard/crt0.o (memset)
c:/renesas/ra/e2studio_v2023-10_fsp_v5.0.0-beta.2/toolchains/gcc_arm/12.2.mpacbti-rel1/bin/../lib/gcc/arm-none-eabi/12.2.1/thumb/v8-m.main+fp/hard\libg_nano.a(libc_a-closer.o)
                              c:/renesas/ra/e2studio_v2023-10_fsp_v5.0.0-beta.2/toolchains/gcc_arm/12.2.mpacbti-rel1/bin/../lib/gcc/arm-none-eabi/12.2.1/thumb/v8-m.main+fp/hard\libg_nano.a(libc_a-stdio.o) (_close_r)
c:/renesas/ra/e2studio_v2023-10_fsp_v5.0.0-beta.2/toolchains/gcc_arm/12.2.mpacbti-rel1/bin/../lib/gcc/arm-none-eabi/12.2.1/thumb/v8-m.main+fp/hard\libg_nano.a(libc_a-reent.o)
                              c:/renesas/ra/e2studio_v2023-10_fsp_v5.0.0-beta.2/toolchains/gcc_arm/12.2.mpacbti-rel1/bin/../lib/gcc/arm-none-eabi/12.2.1/thumb/v8-m.main+fp/hard\libg_nano.a(libc_a-closer.o) (errno)
c:/renesas/ra/e2studio_v2023-10_fsp_v5.0.0-beta.2/toolchains/gcc_arm/12.2.mpacbti-rel1/bin/../lib/gcc/arm-none-eabi/12.2.1/thumb/v8-m.main+fp/hard\libg_nano.a(libc_a-impure.o)
                              c:/renesas/ra/e2studio_v2023-10_fsp_v5.0.0-beta.2/toolchains/gcc_arm/12.2.mpacbti-rel1/bin/../lib/gcc/arm-none-eabi/12.2.1/thumb/v8-m.main+fp/hard\libg_nano.a(libc_a-reent.o) (_impure_ptr)
c:/renesas/ra/e2studio_v2023-10_fsp_v5.0.0-beta.2/toolchains/gcc_arm/12.2.mpacbti-rel1/bin/../lib/gcc/arm-none-eabi/12.2.1/thumb/v8-m.main+fp/hard\libg_nano.a(libc_a-lseekr.o)
                              c:/renesas/ra/e2studio_v2023-10_fsp_v5.0.0-beta.2/toolchains/gcc_arm/12.2.mpacbti-rel1/bin/../lib/gcc/arm-none-eabi/12.2.1/thumb/v8-m.main+fp/hard\libg_nano.a(libc_a-stdio.o) (_lseek_r)
c:/renesas/ra/e2studio_v2023-10_fsp_v5.0.0-beta.2/toolchains/gcc_arm/12.2.mpacbti-rel1/bin/../lib/gcc/arm-none-eabi/12.2.1/thumb/v8-m.main+fp/hard\libg_nano.a(libc_a-readr.o)
                              c:/renesas/ra/e2studio_v2023-10_fsp_v5.0.0-beta.2/toolchains/gcc_arm/12.2.mpacbti-rel1/bin/../lib/gcc/arm-none-eabi/12.2.1/thumb/v8-m.main+fp/hard\libg_nano.a(libc_a-stdio.o) (_read_r)
c:/renesas/ra/e2studio_v2023-10_fsp_v5.0.0-beta.2/toolchains/gcc_arm/12.2.mpacbti-rel1/bin/../lib/gcc/arm-none-eabi/12.2.1/thumb/v8-m.main+fp/hard\libg_nano.a(libc_a-writer.o)
                              c:/renesas/ra/e2studio_v2023-10_fsp_v5.0.0-beta.2/toolchains/gcc_arm/12.2.mpacbti-rel1/bin/../lib/gcc/arm-none-eabi/12.2.1/thumb/v8-m.main+fp/hard\libg_nano.a(libc_a-stdio.o) (_write_r)
[...]
Memory Configuration

Name             Origin             Length             Attributes
ITCM             0x00000000         0x00000000         xr
DTCM             0x00000000         0x00000000         xrw
FLASH            0x00000000         0x00100000         xr
RAM              0x20000000         0x00020000         xrw
DATA_FLASH       0x08000000         0x00002000         xr
QSPI_FLASH       0x60000000         0x04000000         xr
OSPI_DEVICE_0    0x80020000         0x00000000         xr
OSPI_DEVICE_1    0x80030000         0x00000000         xr
OSPI_DEVICE_0_RAM 0x80020000         0x00000000         xrw
OSPI_DEVICE_1_RAM 0x80030000         0x00000000         xrw
SDRAM            0x80010000         0x00000000         xrw
OPTION_SETTING   0x0100a100         0x00000100         r
OPTION_SETTING_OFS 0x0100a100         0x00000018         r
OPTION_SETTING_SAS 0x0100a134         0x000000cc         r
OPTION_SETTING_S 0x0100a200         0x00000100         r
ID_CODE          0x00000000         0x00000000         xr
*default*        0x00000000         0xffffffff

Linker script and memory map

LOAD c:/renesas/ra/e2studio_v2023-10_fsp_v5.0.0-beta.2/toolchains/gcc_arm/12.2.mpacbti-rel1/bin/../lib/gcc/arm-none-eabi/12.2.1/thumb/v8-m.main+fp/hard/crti.o
LOAD c:/renesas/ra/e2studio_v2023-10_fsp_v5.0.0-beta.2/toolchains/gcc_arm/12.2.mpacbti-rel1/bin/../lib/gcc/arm-none-eabi/12.2.1/thumb/v8-m.main+fp/hard/crtbegin.o
LOAD c:/renesas/ra/e2studio_v2023-10_fsp_v5.0.0-beta.2/toolchains/gcc_arm/12.2.mpacbti-rel1/bin/../lib/gcc/arm-none-eabi/12.2.1/thumb/v8-m.main+fp/hard/crt0.o
START GROUP
LOAD ./src/SEGGER_RTT/SEGGER_RTT.o
LOAD ./src/SEGGER_RTT/SEGGER_RTT_printf.o
LOAD ./src/g_can_guard.o
LOAD ./src/hal_entry.o
LOAD ./ra_gen/common_data.o
LOAD ./ra_gen/hal_data.o
LOAD ./ra_gen/main.o
LOAD ./ra_gen/pin_data.o
LOAD ./ra_gen/vector_data.o
LOAD ./ra/fsp/src/r_ioport/r_ioport.o
LOAD ./ra/fsp/src/r_can/r_can.o
LOAD ./ra/fsp/src/bsp/mcu/all/bsp_clocks.o
LOAD ./ra/fsp/src/bsp/mcu/all/bsp_common.o
LOAD ./ra/fsp/src/bsp/mcu/all/bsp_delay.o
LOAD ./ra/fsp/src/bsp/mcu/all/bsp_group_irq.o
LOAD ./ra/fsp/src/bsp/mcu/all/bsp_guard.o
LOAD ./ra/fsp/src/bsp/mcu/all/bsp_io.o
LOAD ./ra/fsp/src/bsp/mcu/all/bsp_irq.o
LOAD ./ra/fsp/src/bsp/mcu/all/bsp_register_protection.o
LOAD ./ra/fsp/src/bsp/mcu/all/bsp_rom_registers.o
LOAD ./ra/fsp/src/bsp/mcu/all/bsp_sbrk.o
LOAD ./ra/fsp/src/bsp/mcu/all/bsp_security.o
LOAD ./ra/fsp/src/bsp/cmsis/Device/RENESAS/Source/startup.o
LOAD ./ra/fsp/src/bsp/cmsis/Device/RENESAS/Source/system.o
LOAD ./ra/board/ra4m3_ek/board_init.o
LOAD ./ra/board/ra4m3_ek/board_leds.o
END GROUP
START GROUP
LOAD c:/renesas/ra/e2studio_v2023-10_fsp_v5.0.0-beta.2/toolchains/gcc_arm/12.2.mpacbti-rel1/bin/../lib/gcc/arm-none-eabi/12.2.1/thumb/v8-m.main+fp/hard\libgcc.a
LOAD c:/renesas/ra/e2studio_v2023-10_fsp_v5.0.0-beta.2/toolchains/gcc_arm/12.2.mpacbti-rel1/bin/../lib/gcc/arm-none-eabi/12.2.1/thumb/v8-m.main+fp/hard\libg_nano.a
LOAD c:/renesas/ra/e2studio_v2023-10_fsp_v5.0.0-beta.2/toolchains/gcc_arm/12.2.mpacbti-rel1/bin/../lib/gcc/arm-none-eabi/12.2.1/thumb/v8-m.main+fp/hard\libc_nano.a
END GROUP
START GROUP
LOAD c:/renesas/ra/e2studio_v2023-10_fsp_v5.0.0-beta.2/toolchains/gcc_arm/12.2.mpacbti-rel1/bin/../lib/gcc/arm-none-eabi/12.2.1/thumb/v8-m.main+fp/hard\libgcc.a
LOAD c:/renesas/ra/e2studio_v2023-10_fsp_v5.0.0-beta.2/toolchains/gcc_arm/12.2.mpacbti-rel1/bin/../lib/gcc/arm-none-eabi/12.2.1/thumb/v8-m.main+fp/hard\libc_nano.a
END GROUP
LOAD c:/renesas/ra/e2studio_v2023-10_fsp_v5.0.0-beta.2/toolchains/gcc_arm/12.2.mpacbti-rel1/bin/../lib/gcc/arm-none-eabi/12.2.1/thumb/v8-m.main+fp/hard/crtend.o
LOAD c:/renesas/ra/e2studio_v2023-10_fsp_v5.0.0-beta.2/toolchains/gcc_arm/12.2.mpacbti-rel1/bin/../lib/gcc/arm-none-eabi/12.2.1/thumb/v8-m.main+fp/hard/crtn.o
                0x20000000                        RAM_START = 0x20000000
                0x00020000                        RAM_LENGTH = 0x20000
                0x00000000                        FLASH_START = 0x0
                0x00100000                        FLASH_LENGTH = 0x100000
                0x08000000                        DATA_FLASH_START = 0x8000000
                0x00002000                        DATA_FLASH_LENGTH = 0x2000
                0x0100a100                        OPTION_SETTING_START = 0x100a100
                0x00000100                        OPTION_SETTING_LENGTH = 0x100
                0x0100a200                        OPTION_SETTING_S_START = 0x100a200
                0x00000100                        OPTION_SETTING_S_LENGTH = 0x100
                0x00000000                        ID_CODE_START = 0x0
                0x00000000                        ID_CODE_LENGTH = 0x0
                0x80010000                        SDRAM_START = 0x80010000
                0x00000000                        SDRAM_LENGTH = 0x0
                0x60000000                        QSPI_FLASH_START = 0x60000000
                0x04000000                        QSPI_FLASH_LENGTH = 0x4000000
                0x80020000                        OSPI_DEVICE_0_START = 0x80020000
                0x00000000                        OSPI_DEVICE_0_LENGTH = 0x0
                0x80030000                        OSPI_DEVICE_1_START = 0x80030000
                0x00000000                        OSPI_DEVICE_1_LENGTH = 0x0
                0x00000001                        PROJECT_SECURE = 0x1
                0x04000000                        QSPI_FLASH_PRV_LENGTH = DEFINED (QSPI_FLASH_SIZE)?ABSOLUTE (QSPI_FLASH_SIZE):ABSOLUTE (QSPI_FLASH_LENGTH)
                0x00000000                        OSPI_DEVICE_0_PRV_LENGTH = DEFINED (OSPI_DEVICE_0_SIZE)?ABSOLUTE (OSPI_DEVICE_0_SIZE):ABSOLUTE (OSPI_DEVICE_0_LENGTH)
                0x00000000                        OSPI_DEVICE_1_PRV_LENGTH = DEFINED (OSPI_DEVICE_1_SIZE)?ABSOLUTE (OSPI_DEVICE_1_SIZE):ABSOLUTE (OSPI_DEVICE_1_LENGTH)
                0x00000000                        __RESERVE_NS_RAM = ((! (DEFINED (PROJECT_NONSECURE)) && DEFINED (RAM_NS_BUFFER_LENGTH)) && (OPTION_SETTING_S_LENGTH != 0x0))
                0x00000000                        ITCM_START = DEFINED (ITCM_START)?ITCM_START:0x0
                0x00000000                        ITCM_LENGTH = DEFINED (ITCM_LENGTH)?ITCM_LENGTH:0x0
                0x00000000                        DTCM_START = DEFINED (DTCM_START)?DTCM_START:0x0
                0x00000000                        DTCM_LENGTH = DEFINED (DTCM_LENGTH)?DTCM_LENGTH:0x0
                0x00000000                        NS_OFFSET_START = DEFINED (NS_OFFSET_START)?NS_OFFSET_START:0x0
                0x00000000                        NS_IMAGE_OFFSET = DEFINED (PROJECT_NONSECURE)?NS_OFFSET_START:0x0
                0x00000000                        RAM_NS_BUFFER_BLOCK_LENGTH = DEFINED (RAM_NS_BUFFER_LENGTH)?ALIGN (RAM_NS_BUFFER_LENGTH, 0x2000):0x0
                0x00000000                        RAM_NS_BUFFER_LENGTH = DEFINED (RAM_NS_BUFFER_LENGTH)?RAM_NS_BUFFER_LENGTH:0x0
                0x20020000                        RAM_NS_BUFFER_START = ((RAM_START + RAM_LENGTH) - RAM_NS_BUFFER_LENGTH)
                0x20020000                        RAM_NS_BUFFER_BLOCK_START = ((RAM_START + RAM_LENGTH) - RAM_NS_BUFFER_BLOCK_LENGTH)
                0x0100a180                        OPTION_SETTING_START_NS = DEFINED (PROJECT_NONSECURE)?OPTION_SETTING_START:(OPTION_SETTING_START + 0x80)
                0x00000001                        __bl_FSP_BOOTABLE_IMAGE = 0x1
                0x00000001                        __bln_FSP_BOOTABLE_IMAGE = 0x1
                0x00000001                        PROJECT_SECURE_OR_FLAT = (((! (DEFINED (PROJECT_NONSECURE)) || DEFINED (PROJECT_SECURE)) && OPTION_SETTING_LENGTH) && ! (DEFINED (FSP_BOOTABLE_IMAGE)))
                0x00000000                        USE_OPTION_SETTING_NS = (DEFINED (PROJECT_NONSECURE) && ! (DEFINED (FSP_BOOTABLE_IMAGE)))
                0x00000000                        __bl_FLASH_IMAGE_START = ! (DEFINED (FLASH_BOOTLOADER_LENGTH))?0x0:(FLASH_APPLICATION_IMAGE_NUMBER == 0x1)?(FLASH_BOOTLOADER_LENGTH + FLASH_BOOTLOADER_HEADER_LENGTH):(((FLASH_BOOTLOADER_LENGTH + FLASH_BOOTLOADER_SCRATCH_LENGTH) + FLASH_APPLICATION_S_LENGTH) + FLASH_BOOTLOADER_HEADER_LENGTH)
                0x00000000                        __bl_FLASH_IMAGE_LENGTH = ! (DEFINED (FLASH_BOOTLOADER_LENGTH))?0x0:(FLASH_APPLICATION_S_LENGTH - FLASH_BOOTLOADER_HEADER_LENGTH)
                0x00000000                        __bl_FLASH_IMAGE_END = (__bl_FLASH_IMAGE_START + __bl_FLASH_IMAGE_LENGTH)
                0x00000000                        __bl_XIP_SECONDARY_FLASH_IMAGE_START = ! (DEFINED (FLASH_BOOTLOADER_LENGTH))?0x0:((FLASH_BOOTLOADER_LENGTH + FLASH_APPLICATION_S_LENGTH) + FLASH_BOOTLOADER_HEADER_LENGTH)
                0x00000000                        __bl_XIP_SECONDARY_FLASH_IMAGE_END = (__bl_XIP_SECONDARY_FLASH_IMAGE_START + __bl_FLASH_IMAGE_LENGTH)
                0x00000000                        __bl_FLASH_NS_START = ! (DEFINED (FLASH_BOOTLOADER_LENGTH))?0x0:(FLASH_APPLICATION_NS_LENGTH == 0x0)?__bl_FLASH_IMAGE_END:((__bl_FLASH_IMAGE_START - FLASH_BOOTLOADER_HEADER_LENGTH) + FLASH_APPLICATION_S_LENGTH)
                0x00000000                        __bl_FLASH_NSC_START = ! (DEFINED (FLASH_BOOTLOADER_LENGTH))?0x0:(FLASH_APPLICATION_NS_LENGTH == 0x0)?__bl_FLASH_IMAGE_END:(__bl_FLASH_NS_START - FLASH_APPLICATION_NSC_LENGTH)
                0x00000000                        __bl_RAM_NS_START = ! (DEFINED (FLASH_BOOTLOADER_LENGTH))?0x0:(FLASH_APPLICATION_NS_LENGTH == 0x0)?(RAM_START + RAM_LENGTH):((RAM_START + RAM_LENGTH) - RAM_APPLICATION_NS_LENGTH)
                0x00000000                        __bl_RAM_NSC_START = ! (DEFINED (FLASH_BOOTLOADER_LENGTH))?0x0:(FLASH_APPLICATION_NS_LENGTH == 0x0)?(RAM_START + RAM_LENGTH):(__bl_RAM_NS_START - RAM_APPLICATION_NSC_LENGTH)
                0x00000000                        __bl_FLASH_NS_IMAGE_START = ! (DEFINED (FLASH_BOOTLOADER_LENGTH))?0x0:(FLASH_APPLICATION_NS_LENGTH == 0x0)?__bl_FLASH_IMAGE_END:(__bl_FLASH_NS_START + FLASH_BOOTLOADER_HEADER_LENGTH_2)
                0x00000000                        __bln_FLASH_IMAGE_START = __bl_FLASH_NS_IMAGE_START
                0x00000000                        __bln_FLASH_IMAGE_LENGTH = ! (DEFINED (FLASH_BOOTLOADER_LENGTH))?0x0:(FLASH_APPLICATION_NS_LENGTH == 0x0)?__bl_FLASH_IMAGE_END:(FLASH_APPLICATION_NS_LENGTH - FLASH_BOOTLOADER_HEADER_LENGTH_2)
                0x00000000                        XIP_SECONDARY_SLOT_IMAGE = DEFINED (XIP_SECONDARY_SLOT_IMAGE)?XIP_SECONDARY_SLOT_IMAGE:0x0
                0x00000000                        FLASH_ORIGIN = ! (DEFINED (FLASH_IMAGE_START))?FLASH_START:(XIP_SECONDARY_SLOT_IMAGE == 0x1)?XIP_SECONDARY_FLASH_IMAGE_START:FLASH_IMAGE_START
                0x00100000                        LIMITED_FLASH_LENGTH = DEFINED (FLASH_IMAGE_LENGTH)?FLASH_IMAGE_LENGTH:DEFINED (FLASH_BOOTLOADER_LENGTH)?FLASH_BOOTLOADER_LENGTH:FLASH_LENGTH
START GROUP
LOAD c:/renesas/ra/e2studio_v2023-10_fsp_v5.0.0-beta.2/toolchains/gcc_arm/12.2.mpacbti-rel1/bin/../lib/gcc/arm-none-eabi/12.2.1/thumb/v8-m.main+fp/hard\libgcc.a
LOAD c:/renesas/ra/e2studio_v2023-10_fsp_v5.0.0-beta.2/toolchains/gcc_arm/12.2.mpacbti-rel1/bin/../lib/gcc/arm-none-eabi/12.2.1/thumb/v8-m.main+fp/hard\libc.a
LOAD c:/renesas/ra/e2studio_v2023-10_fsp_v5.0.0-beta.2/toolchains/gcc_arm/12.2.mpacbti-rel1/bin/../lib/gcc/arm-none-eabi/12.2.1/thumb/v8-m.main+fp/hard\libm.a
LOAD c:/renesas/ra/e2studio_v2023-10_fsp_v5.0.0-beta.2/toolchains/gcc_arm/12.2.mpacbti-rel1/bin/../lib/gcc/arm-none-eabi/12.2.1/thumb/v8-m.main+fp/hard\libnosys.a
END GROUP

.text           0x00000000     0x1ea8
                0x00000000                        __tz_FLASH_S = ABSOLUTE (FLASH_START)
                0x00000000                        __ROM_Start = .
 *(.fixed_vectors*)
 .fixed_vectors
                0x00000000       0x40 ./ra/fsp/src/bsp/cmsis/Device/RENESAS/Source/startup.o
                0x00000000                __Vectors
 *(.application_vectors*)
 .application_vectors
                0x00000040      0x180 ./ra_gen/vector_data.o
                0x00000040                g_vector_table
                0x000001c0                        __Vectors_End = .
                0x000001c0                        . = (OPTION_SETTING_LENGTH > 0x0)?.:(__ROM_Start + 0x400)
 *(.rom_registers*)
                0x000001c0                        . = (OPTION_SETTING_LENGTH > 0x0)?.:(__ROM_Start + 0x500)
                0x00000200                        . = ALIGN (0x80)
 *fill*         0x000001c0       0x40 ff
 *(.mcuboot_sce9_key*)
 *(.text*)
 .text.deregister_tm_clones
                0x00000200       0x1c c:/renesas/ra/e2studio_v2023-10_fsp_v5.0.0-beta.2/toolchains/gcc_arm/12.2.mpacbti-rel1/bin/../lib/gcc/arm-none-eabi/12.2.1/thumb/v8-m.main+fp/hard/crtbegin.o
 .text.register_tm_clones
                0x0000021c       0x28 c:/renesas/ra/e2studio_v2023-10_fsp_v5.0.0-beta.2/toolchains/gcc_arm/12.2.mpacbti-rel1/bin/../lib/gcc/arm-none-eabi/12.2.1/thumb/v8-m.main+fp/hard/crtbegin.o
 .text.__do_global_dtors_aux
                0x00000244       0x28 c:/renesas/ra/e2studio_v2023-10_fsp_v5.0.0-beta.2/toolchains/gcc_arm/12.2.mpacbti-rel1/bin/../lib/gcc/arm-none-eabi/12.2.1/thumb/v8-m.main+fp/hard/crtbegin.o
 .text.frame_dummy
                0x0000026c       0x24 c:/renesas/ra/e2studio_v2023-10_fsp_v5.0.0-beta.2/toolchains/gcc_arm/12.2.mpacbti-rel1/bin/../lib/gcc/arm-none-eabi/12.2.1/thumb/v8-m.main+fp/hard/crtbegin.o
 .text.g_can_open_guard
                0x00000290       0x7c ./src/g_can_guard.o
                0x00000290                __acle_se_g_can_open_guard
 .text.g_can_close_guard
                0x0000030c       0x78 ./src/g_can_guard.o
                0x0000030c                __acle_se_g_can_close_guard
 .text.g_can_write_guard
                0x00000384       0x8c ./src/g_can_guard.o
                0x00000384                __acle_se_g_can_write_guard
 .text.g_can_read_guard
                0x00000410       0x8c ./src/g_can_guard.o
                0x00000410                __acle_se_g_can_read_guard
 .text.g_can_mode_transition_guard
                0x0000049c       0x78 ./src/g_can_guard.o
                0x0000049c                __acle_se_g_can_mode_transition_guard
 .text.g_can_info_get_guard
                0x00000514       0x88 ./src/g_can_guard.o
                0x00000514                __acle_se_g_can_info_get_guard
 .text.g_can_callback_set_guard
                0x0000059c       0xa0 ./src/g_can_guard.o
                0x0000059c                __acle_se_g_can_callback_set_guard
 .text.hal_entry
                0x0000063c       0xf4 ./src/hal_entry.o
                0x0000063c                hal_entry
 .text.g_can_read_data
                0x00000730       0x80 ./src/hal_entry.o
                0x00000730                __acle_se_g_can_read_data
 .text.can_callback
                0x000007b0       0x9c ./src/hal_entry.o
                0x000007b0                can_callback
 .text.R_BSP_WarmStart
                0x0000084c       0x18 ./src/hal_entry.o
                0x0000084c                R_BSP_WarmStart
 .text.template_nonsecure_callable
                0x00000864       0x68 ./src/hal_entry.o
                0x00000864                __acle_se_template_nonsecure_callable
 .text.startup.main
                0x000008cc        0xc ./ra_gen/main.o
                0x000008cc                main
 .text.R_BSP_PinCfgSecurityInit
                0x000008d8       0x74 ./ra_gen/pin_data.o
                0x000008d8                R_BSP_PinCfgSecurityInit
 .text.bsp_vbatt_init
                0x0000094c       0xe8 ./ra/fsp/src/r_ioport/r_ioport.o
 .text.r_ioport_pins_config
                0x00000a34       0xac ./ra/fsp/src/r_ioport/r_ioport.o
 .text.R_IOPORT_Open
                0x00000ae0       0x14 ./ra/fsp/src/r_ioport/r_ioport.o
                0x00000ae0                R_IOPORT_Open
 .text.R_CAN_Close
                0x00000af4       0xac ./ra/fsp/src/r_can/r_can.o
                0x00000af4                R_CAN_Close
 .text.R_CAN_Read
                0x00000ba0        0x4 ./ra/fsp/src/r_can/r_can.o
                0x00000ba0                R_CAN_Read
 .text.R_CAN_InfoGet
                0x00000ba4       0x34 ./ra/fsp/src/r_can/r_can.o
                0x00000ba4                R_CAN_InfoGet
 .text.r_can_call_callback
                0x00000bd8       0xc8 ./ra/fsp/src/r_can/r_can.o
 .text.r_can_mode_transition
                0x00000ca0       0xb8 ./ra/fsp/src/r_can/r_can.o
 .text.R_CAN_ModeTransition
                0x00000d58        0xc ./ra/fsp/src/r_can/r_can.o
                0x00000d58                R_CAN_ModeTransition
 .text.R_CAN_CallbackSet
                0x00000d64       0x24 ./ra/fsp/src/r_can/r_can.o
                0x00000d64                R_CAN_CallbackSet
 .text.R_CAN_Write
                0x00000d88       0x90 ./ra/fsp/src/r_can/r_can.o
                0x00000d88                R_CAN_Write
 .text.R_CAN_Open
                0x00000e18      0x2d8 ./ra/fsp/src/r_can/r_can.o
                0x00000e18                R_CAN_Open
 .text.can_error_isr
                0x000010f0       0xd8 ./ra/fsp/src/r_can/r_can.o
                0x000010f0                can_error_isr
 .text.can_rx_isr
                0x000011c8      0x114 ./ra/fsp/src/r_can/r_can.o
                0x000011c8                can_rx_isr
 .text.can_tx_isr
                0x000012dc       0xa4 ./ra/fsp/src/r_can/r_can.o
                0x000012dc                can_tx_isr
 .text.r_bsp_clock_update_callback_set
                0x00001380       0x80 ./ra/fsp/src/bsp/mcu/all/bsp_clocks.o
                0x00001380                r_bsp_clock_update_callback_set
 .text.SystemCoreClockUpdate
                0x00001400       0x28 ./ra/fsp/src/bsp/mcu/all/bsp_clocks.o
                0x00001400                SystemCoreClockUpdate
 .text.R_BSP_SubClockStabilizeWaitAfterReset
                0x00001428        0x4 ./ra/fsp/src/bsp/mcu/all/bsp_clocks.o
                0x00001428                R_BSP_SubClockStabilizeWaitAfterReset
 .text.bsp_clock_init
                0x0000142c      0x140 ./ra/fsp/src/bsp/mcu/all/bsp_clocks.o
                0x0000142c                bsp_clock_init
 .text.R_BSP_Init_RTC
                0x0000156c       0xb0 ./ra/fsp/src/bsp/mcu/all/bsp_clocks.o
                0x0000156c                R_BSP_Init_RTC
 .text.bsp_prv_software_delay_loop
                0x0000161c        0xc ./ra/fsp/src/bsp/mcu/all/bsp_delay.o
                0x0000161c                bsp_prv_software_delay_loop
 .text.R_BSP_SoftwareDelay
                0x00001628       0x58 ./ra/fsp/src/bsp/mcu/all/bsp_delay.o
                0x00001628                R_BSP_SoftwareDelay
 .text.NMI_Handler
                0x00001680       0x38 ./ra/fsp/src/bsp/mcu/all/bsp_group_irq.o
                0x00001680                NMI_Handler
 .text.R_BSP_ClockUpdateCallbackSet
                0x000016b8       0xa8 ./ra/fsp/src/bsp/mcu/all/bsp_guard.o
                0x000016b8                __acle_se_R_BSP_ClockUpdateCallbackSet
 .text.bsp_irq_cfg
                0x00001760       0x98 ./ra/fsp/src/bsp/mcu/all/bsp_irq.o
                0x00001760                bsp_irq_cfg
 .text.R_BSP_RegisterProtectEnable
                0x000017f8       0x60 ./ra/fsp/src/bsp/mcu/all/bsp_register_protection.o
                0x000017f8                R_BSP_RegisterProtectEnable
 .text.R_BSP_RegisterProtectDisable
                0x00001858       0x54 ./ra/fsp/src/bsp/mcu/all/bsp_register_protection.o
                0x00001858                R_BSP_RegisterProtectDisable
 .text.R_BSP_NonSecureEnter
                0x000018ac       0xe0 ./ra/fsp/src/bsp/mcu/all/bsp_security.o
                0x000018ac                R_BSP_NonSecureEnter
 .text.R_BSP_ElcCfgSecurityInit
                0x0000198c        0x4 ./ra/fsp/src/bsp/mcu/all/bsp_security.o
                0x0000198c                R_BSP_ElcCfgSecurityInit
 .text.R_BSP_SecurityInit
                0x00001990       0xec ./ra/fsp/src/bsp/mcu/all/bsp_security.o
                0x00001990                R_BSP_SecurityInit
 .text.Default_Handler
                0x00001a7c        0x4 ./ra/fsp/src/bsp/cmsis/Device/RENESAS/Source/startup.o
                0x00001a7c                DebugMon_Handler
                0x00001a7c                HardFault_Handler
                0x00001a7c                SysTick_Handler
                0x00001a7c                PendSV_Handler
                0x00001a7c                UsageFault_Handler
                0x00001a7c                SecureFault_Handler
                0x00001a7c                Default_Handler
                0x00001a7c                MemManage_Handler
                0x00001a7c                SVC_Handler
                0x00001a7c                BusFault_Handler
 .text.Reset_Handler
                0x00001a80        0xc ./ra/fsp/src/bsp/cmsis/Device/RENESAS/Source/startup.o
                0x00001a80                Reset_Handler
 .text.SystemInit
                0x00001a8c       0xd0 ./ra/fsp/src/bsp/cmsis/Device/RENESAS/Source/system.o
                0x00001a8c                SystemInit
 .text.bsp_init
                0x00001b5c        0x4 ./ra/board/ra4m3_ek/board_init.o
                0x00001b5c                bsp_init
 .text.cmse_check_address_range
                0x00001b60       0xe4 c:/renesas/ra/e2studio_v2023-10_fsp_v5.0.0-beta.2/toolchains/gcc_arm/12.2.mpacbti-rel1/bin/../lib/gcc/arm-none-eabi/12.2.1/thumb/v8-m.main+fp/hard\libgcc.a(cmse.o)
                0x00001b60                cmse_check_address_range
 .text          0x00001c44       0x5c c:/renesas/ra/e2studio_v2023-10_fsp_v5.0.0-beta.2/toolchains/gcc_arm/12.2.mpacbti-rel1/bin/../lib/gcc/arm-none-eabi/12.2.1/thumb/v8-m.main+fp/hard\libgcc.a(cmse_nonsecure_call.o)
                0x00001c44                __gnu_cmse_nonsecure_call
 .text.memset   0x00001ca0       0x10 c:/renesas/ra/e2studio_v2023-10_fsp_v5.0.0-beta.2/toolchains/gcc_arm/12.2.mpacbti-rel1/bin/../lib/gcc/arm-none-eabi/12.2.1/thumb/v8-m.main+fp/hard\libg_nano.a(libc_a-memset.o)
                0x00001ca0                memset
 .text.memcpy   0x00001cb0       0x1a c:/renesas/ra/e2studio_v2023-10_fsp_v5.0.0-beta.2/toolchains/gcc_arm/12.2.mpacbti-rel1/bin/../lib/gcc/arm-none-eabi/12.2.1/thumb/v8-m.main+fp/hard\libg_nano.a(libc_a-memcpy-stub.o)
                0x00001cb0                memcpy
 *(.version)
 *fill*         0x00001cca        0x2 ff
 .version       0x00001ccc       0x50 ./ra/fsp/src/bsp/mcu/all/bsp_common.o
 *(.init)
 .init          0x00001d1c        0x4 c:/renesas/ra/e2studio_v2023-10_fsp_v5.0.0-beta.2/toolchains/gcc_arm/12.2.mpacbti-rel1/bin/../lib/gcc/arm-none-eabi/12.2.1/thumb/v8-m.main+fp/hard/crti.o
                0x00001d1c                _init
 .init          0x00001d20        0x8 c:/renesas/ra/e2studio_v2023-10_fsp_v5.0.0-beta.2/toolchains/gcc_arm/12.2.mpacbti-rel1/bin/../lib/gcc/arm-none-eabi/12.2.1/thumb/v8-m.main+fp/hard/crtn.o
 *(.fini)
 .fini          0x00001d28        0x4 c:/renesas/ra/e2studio_v2023-10_fsp_v5.0.0-beta.2/toolchains/gcc_arm/12.2.mpacbti-rel1/bin/../lib/gcc/arm-none-eabi/12.2.1/thumb/v8-m.main+fp/hard/crti.o
                0x00001d28                _fini
 .fini          0x00001d2c        0x8 c:/renesas/ra/e2studio_v2023-10_fsp_v5.0.0-beta.2/toolchains/gcc_arm/12.2.mpacbti-rel1/bin/../lib/gcc/arm-none-eabi/12.2.1/thumb/v8-m.main+fp/hard/crtn.o
 *crtbegin.o(.ctors)
 *crtbegin?.o(.ctors)
 *(EXCLUDE_FILE(*crtend.o *crtend?.o) .ctors)
 *(SORT_BY_NAME(.ctors.*))
 *(.ctors)
 *crtbegin.o(.dtors)
 *crtbegin?.o(.dtors)
 *(EXCLUDE_FILE(*crtend.o *crtend?.o) .dtors)
 *(SORT_BY_NAME(.dtors.*))
 *(.dtors)
 *(.rodata*)
 .rodata.g_can_cfg
                0x00001d34       0x18 ./ra_gen/hal_data.o
                0x00001d34                g_can_cfg
 .rodata.g_can_extended_cfg
                0x00001d4c       0x20 ./ra_gen/hal_data.o
                0x00001d4c                g_can_extended_cfg
 .rodata.g_bsp_pin_cfg
                0x00001d6c        0x8 ./ra_gen/pin_data.o
                0x00001d6c                g_bsp_pin_cfg
 .rodata.g_bsp_pin_cfg_data
                0x00001d74       0x38 ./ra_gen/pin_data.o
                0x00001d74                g_bsp_pin_cfg_data
 .rodata.g_interrupt_event_link_select
                0x00001dac       0xc0 ./ra_gen/vector_data.o
                0x00001dac                g_interrupt_event_link_select
 .rodata.g_vbatt_pins_input
                0x00001e6c        0x6 ./ra/fsp/src/r_ioport/r_ioport.o
 *fill*         0x00001e72        0x2 ff
 .rodata.g_prcr_masks
                0x00001e74        0x8 ./ra/fsp/src/bsp/mcu/all/bsp_register_protection.o
                0x00001e7c                        __usb_dev_descriptor_start_fs = .
 *(.usb_device_desc_fs*)
                0x00001e7c                        __usb_cfg_descriptor_start_fs = .
 *(.usb_config_desc_fs*)
                0x00001e7c                        __usb_interface_descriptor_start_fs = .
 *(.usb_interface_desc_fs*)
                0x00001e7c                        __usb_descriptor_end_fs = .
                0x00001e7c                        __usb_dev_descriptor_start_hs = .
 *(.usb_device_desc_hs*)
                0x00001e7c                        __usb_cfg_descriptor_start_hs = .
 *(.usb_config_desc_hs*)
                0x00001e7c                        __usb_interface_descriptor_start_hs = .
 *(.usb_interface_desc_hs*)
                0x00001e7c                        __usb_descriptor_end_hs = .
 *(.eh_frame*)
 .eh_frame      0x00001e7c        0x0 c:/renesas/ra/e2studio_v2023-10_fsp_v5.0.0-beta.2/toolchains/gcc_arm/12.2.mpacbti-rel1/bin/../lib/gcc/arm-none-eabi/12.2.1/thumb/v8-m.main+fp/hard/crtbegin.o
 .eh_frame      0x00001e7c       0x28 c:/renesas/ra/e2studio_v2023-10_fsp_v5.0.0-beta.2/toolchains/gcc_arm/12.2.mpacbti-rel1/bin/../lib/gcc/arm-none-eabi/12.2.1/thumb/v8-m.main+fp/hard\libg_nano.a(libc_a-strlen.o)
 .eh_frame      0x00001ea4        0x4 c:/renesas/ra/e2studio_v2023-10_fsp_v5.0.0-beta.2/toolchains/gcc_arm/12.2.mpacbti-rel1/bin/../lib/gcc/arm-none-eabi/12.2.1/thumb/v8-m.main+fp/hard/crtend.o
                0x00001ea8                        __ROM_End = .
                0x000001c0                        __Vectors_Size = (__Vectors_End - __Vectors)

.glue_7         0x00001ea8        0x0
 .glue_7        0x00001ea8        0x0 linker stubs

.glue_7t        0x00001ea8        0x0
 .glue_7t       0x00001ea8        0x0 linker stubs

.vfp11_veneer   0x00001ea8        0x0
 .vfp11_veneer  0x00001ea8        0x0 linker stubs

.v4_bx          0x00001ea8        0x0
 .v4_bx         0x00001ea8        0x0 linker stubs

.iplt           0x00001ea8        0x0
 .iplt          0x00001ea8        0x0 c:/renesas/ra/e2studio_v2023-10_fsp_v5.0.0-beta.2/toolchains/gcc_arm/12.2.mpacbti-rel1/bin/../lib/gcc/arm-none-eabi/12.2.1/thumb/v8-m.main+fp/hard/crtbegin.o
                0x00001ea8                        . = .
                0x00001ea8                        __itcm_data_pre_location = .

.itcm_data      0x00000000        0x0 load address 0x00001eb0
                0x00000000                        __tz_ITCM_S = ABSOLUTE (ITCM_START)
                0x00000000                        __itcm_data_start = .
 *(.itcm_data*)
                0x00000000                        . = ALIGN (0x8)
                0x00000000                        __itcm_data_end = .
                0x00000000                        __tz_ITCM_N = DEFINED (ITCM_NS_START)?ABSOLUTE (ITCM_NS_START):ALIGN (__itcm_data_end, 0x2000)
                0x00001eb0                        __itcm_data_init_start = LOADADDR (.itcm_data)
                0x00001eb0                        __itcm_data_init_end = (LOADADDR (.itcm_data) + SIZEOF (.itcm_data))
                0x00000001                        ASSERT (((ORIGIN (ITCM) % 0x8) == 0x0), ITCM memory region origin must be aligned to 8 bytes.)
                0x00000001                        ASSERT (((LENGTH (ITCM) % 0x8) == 0x0), ITCM memory region length must be a multiple of 8 bytes.)
                0x00000001                        ASSERT (((LOADADDR (.itcm_data) % 0x10) == 0x0), .itcm_data section must be aligned to 16 bytes.)
                0x00000001                        ASSERT (((SIZEOF (.itcm_data) % 0x8) == 0x0), .itcm_data section size must be a multiple of 8 bytes.)
                0x00001ea8                        . = (SIZEOF (.itcm_data) > 0x0)?__itcm_data_init_end:__itcm_data_pre_location

.ARM.extab
 *(.ARM.extab* .gnu.linkonce.armextab.*)
                0x00001ea8                        __exidx_start = .

.ARM.exidx
 *(.ARM.exidx* .gnu.linkonce.armexidx.*)
                0x00001ea8                        __exidx_end = .
                0x00001ea8                        __etext = .
                0x20000000                        __tz_RAM_S = ORIGIN (RAM)

.fsp_dtc_vector_table
                0x20000000        0x0
                0x20000000                        . = ORIGIN (RAM)
 *(.fsp_dtc_vector_table)

.data           0x20000000      0x13c load address 0x00001ea8
                0x20000000                        __data_start__ = .
                0x20000000                        . = ALIGN (0x4)
                0x20000000                        __Code_In_RAM_Start = .
 *(.code_in_ram*)
                0x20000000                        __Code_In_RAM_End = .
 *(vtable)
 *(.data.*)
 .data.time_out
                0x20000000        0x4 ./src/hal_entry.o
                0x20000000                time_out
 .data.g_can_mailbox
                0x20000004      0x100 ./ra_gen/hal_data.o
                0x20000004                g_can_mailbox
 .data.g_can_mailbox_mask
                0x20000104       0x20 ./ra_gen/hal_data.o
                0x20000104                g_can_mailbox_mask
 .data.g_can_bit_timing_cfg
                0x20000124       0x10 ./ra_gen/hal_data.o
                0x20000124                g_can_bit_timing_cfg
 *(.data)
                0x20000134                        . = ALIGN (0x4)
                0x20000134                        PROVIDE (__preinit_array_start = .)
 *(.preinit_array)
                0x20000134                        PROVIDE (__preinit_array_end = .)
                0x20000134                        . = ALIGN (0x4)
                0x20000134                        PROVIDE (__init_array_start = .)
 *(SORT_BY_NAME(.init_array.*))
 *(.init_array)
 .init_array    0x20000134        0x4 c:/renesas/ra/e2studio_v2023-10_fsp_v5.0.0-beta.2/toolchains/gcc_arm/12.2.mpacbti-rel1/bin/../lib/gcc/arm-none-eabi/12.2.1/thumb/v8-m.main+fp/hard/crtbegin.o
                0x20000138                        PROVIDE (__init_array_end = .)
                0x20000138                        . = ALIGN (0x4)
                [!provide]                        PROVIDE (__fini_array_start = .)
 *(SORT_BY_NAME(.fini_array.*))
 *(.fini_array)
 .fini_array    0x20000138        0x4 c:/renesas/ra/e2studio_v2023-10_fsp_v5.0.0-beta.2/toolchains/gcc_arm/12.2.mpacbti-rel1/bin/../lib/gcc/arm-none-eabi/12.2.1/thumb/v8-m.main+fp/hard/crtbegin.o
                [!provide]                        PROVIDE (__fini_array_end = .)
 *(.jcr*)
                0x2000013c                        . = ALIGN (0x4)
                0x2000013c                        __data_end__ = .

.tm_clone_table
                0x2000013c        0x0 load address 0x00001fe4
 .tm_clone_table
                0x2000013c        0x0 c:/renesas/ra/e2studio_v2023-10_fsp_v5.0.0-beta.2/toolchains/gcc_arm/12.2.mpacbti-rel1/bin/../lib/gcc/arm-none-eabi/12.2.1/thumb/v8-m.main+fp/hard/crtbegin.o
 .tm_clone_table
                0x2000013c        0x0 c:/renesas/ra/e2studio_v2023-10_fsp_v5.0.0-beta.2/toolchains/gcc_arm/12.2.mpacbti-rel1/bin/../lib/gcc/arm-none-eabi/12.2.1/thumb/v8-m.main+fp/hard/crtend.o

.igot.plt       0x2000013c        0x0 load address 0x00001fe4
 .igot.plt      0x2000013c        0x0 c:/renesas/ra/e2studio_v2023-10_fsp_v5.0.0-beta.2/toolchains/gcc_arm/12.2.mpacbti-rel1/bin/../lib/gcc/arm-none-eabi/12.2.1/thumb/v8-m.main+fp/hard/crtbegin.o
                0x2000013c                        . = .
                0x00001fe4                        __dtcm_data_pre_location = (LOADADDR (.data) + SIZEOF (.data))

.dtcm_data      0x00000000        0x0 load address 0x00001ff0
                0x00000000                        __tz_DTCM_S = ABSOLUTE (DTCM_START)
                0x00000000                        __dtcm_data_start = .
 *(.dtcm_data*)
                0x00000000                        . = ALIGN (0x8)
                0x00000000                        __dtcm_data_end = .
                0x00000000                        . = __dtcm_data_end

.dtcm_bss       0x00000000        0x0
                0x00000000                        __dtcm_bss_start = .
 *(.dtcm_bss*)
                0x00000000                        . = ALIGN (0x8)
                0x00000000                        __dtcm_bss_end = .
                0x00000000                        __tz_DTCM_N = DEFINED (DTCM_NS_START)?ABSOLUTE (DTCM_NS_START):ALIGN (__dtcm_bss_end, 0x2000)
                0x00001ff0                        __dtcm_data_init_start = LOADADDR (.dtcm_data)
                0x00001ff0                        __dtcm_data_init_end = (LOADADDR (.dtcm_data) + SIZEOF (.dtcm_data))
                0x00000001                        ASSERT (((ORIGIN (DTCM) % 0x8) == 0x0), DTCM memory region origin must be aligned to 8 bytes.)
                0x00000001                        ASSERT (((LENGTH (DTCM) % 0x8) == 0x0), DTCM memory region length must be a multiple of 8 bytes.)
                0x00000001                        ASSERT ((LOADADDR (.dtcm_bss) == ADDR (.dtcm_bss)), .dtcm_bss has (VMA != LMA) but should be NOLOAD (VMA == LMA).)
                0x00000001                        ASSERT (((LOADADDR (.dtcm_data) % 0x10) == 0x0), .dtcm_data section must be aligned to 16 bytes.)
                0x00000001                        ASSERT (((SIZEOF (.dtcm_data) % 0x8) == 0x0), .dtcm_data section size must be a multiple of 8 bytes.)
                0x00000001                        ASSERT (((LOADADDR (.dtcm_bss) % 0x8) == 0x0), .dtcm_bss section must be aligned to 8 bytes.)
                0x00000001                        ASSERT (((SIZEOF (.dtcm_bss) % 0x8) == 0x0), .dtcm_bss section size must be a multiple of 8 bytes.)
                0x00000001                        ASSERT ((__dtcm_bss_start == __dtcm_data_end), .dtcm_bss section is not adjacent to .dtcm_data section.)
                0x00001fe4                        . = (SIZEOF (.dtcm_data) > 0x0)?__dtcm_data_init_end:__dtcm_data_pre_location
                0x00001fe4                        sgstubs_pre_location = .
                0x00002000                        SGSTUBS_LOC = (DEFINED (PROJECT_SECURE) && DEFINED (FLASH_NSC_START))?ABSOLUTE (FLASH_NSC_START):ALIGN (0x400)

.gnu.sgstubs    0x00002000       0x60
                0x00002000                        __tz_FLASH_C = DEFINED (FLASH_NSC_START)?ABSOLUTE (FLASH_NSC_START):__RESERVE_NS_RAM?ABSOLUTE ((FLASH_START + FLASH_LENGTH)):ALIGN (0x400)
                0x00002000                        _start_sg = .
 *(.gnu.sgstubs*)
                0x00002000                        . = ALIGN (0x20)
                0x00002000                        _end_sg = .
 .gnu.sgstubs.__stub
                0x00002000       0x50 linker stubs
                0x00002000                template_nonsecure_callable
                0x00002008                R_BSP_ClockUpdateCallbackSet
                0x00002010                g_can_info_get_guard
                0x00002018                g_can_read_data
                0x00002020                g_can_write_guard
                0x00002028                g_can_close_guard
                0x00002030                g_can_mode_transition_guard
                0x00002038                g_can_open_guard
                0x00002040                g_can_read_guard
                0x00002048                g_can_callback_set_guard
                0x00008000                        __tz_FLASH_N = DEFINED (FLASH_NS_START)?ABSOLUTE (FLASH_NS_START):__RESERVE_NS_RAM?ABSOLUTE ((FLASH_START + FLASH_LENGTH)):(FLASH_LENGTH < 0x8000)?FLASH_LENGTH:ALIGN (0x8000)
                0x00008000                        FLASH_NS_IMAGE_START = DEFINED (FLASH_NS_IMAGE_START)?FLASH_NS_IMAGE_START:__tz_FLASH_N
                0x60000000                        __tz_QSPI_FLASH_S = ORIGIN (QSPI_FLASH)

.qspi_flash     0x60000000        0x0
                0x60000000                        __qspi_flash_start__ = .
 *(.qspi_flash*)
 *(.code_in_qspi*)
                0x60000000                        __qspi_flash_end__ = .
                0x00000000                        __qspi_flash_code_size__ = (__qspi_flash_end__ - __qspi_flash_start__)
                0x00001fe4                        __qspi_flash_code_addr__ = sgstubs_pre_location

.qspi_non_retentive
                0x60000000        0x0 load address 0x00001fe4
                0x60000000                        __qspi_non_retentive_start__ = .
 *(.qspi_non_retentive*)
                0x60000000                        __qspi_non_retentive_end__ = .
                0x00000000                        __qspi_non_retentive_size__ = (__qspi_non_retentive_end__ - __qspi_non_retentive_start__)
                0x04000000                        __qspi_region_max_size__ = 0x4000000
                0x60000000                        __qspi_region_start_address__ = __qspi_flash_start__
                0x64000000                        __qspi_region_end_address__ = (__qspi_flash_start__ + __qspi_region_max_size__)
                0x60000000                        __tz_QSPI_FLASH_N = __qspi_non_retentive_end__

.OSPI_DEVICE_0_NO_LOAD
                0x80020000        0x0
                0x80020000                        . = ALIGN (0x4)
                0x80020000                        __ospi_device_0_start__ = .
 *(.ospi_device_0_no_load*)
                0x80020000                        . = ALIGN (0x4)
                0x80020000                        __ospi_device_0_end__ = .

.OSPI_DEVICE_1_NO_LOAD
                0x80030000        0x0
                0x80030000                        . = ALIGN (0x4)
                0x80030000                        __ospi_device_1_start__ = .
 *(.ospi_device_1_no_load*)
                0x80030000                        . = ALIGN (0x4)
                0x80030000                        __ospi_device_1_end__ = .
                0x80020000                        __tz_OSPI_DEVICE_0_S = ORIGIN (OSPI_DEVICE_0)

.OSPI_DEVICE_0  0x80020000        0x0
                0x80020000                        __ospi_device_0_start__ = .
 *(.ospi_device_0*)
 *(.code_in_ospi_device_0*)
                0x80020000                        __ospi_device_0_end__ = .
                0x00000000                        __ospi_device_0_code_size__ = (__ospi_device_0_end__ - __ospi_device_0_start__)
                0x00001fe4                        __ospi_device_0_code_addr__ = (sgstubs_pre_location + SIZEOF (.qspi_non_retentive))

.ospi_device_0_non_retentive
                0x80020000        0x0 load address 0x00001fe4
                0x80020000                        __ospi_device_0_non_retentive_start__ = .
 *(.ospi_device_0_non_retentive*)
                0x80020000                        __ospi_device_0_non_retentive_end__ = .
                0x00000000                        __ospi_device_0_non_retentive_size__ = (__ospi_device_0_non_retentive_end__ - __ospi_device_0_non_retentive_start__)
                0x08000000                        __ospi_device_0_region_max_size__ = 0x8000000
                0x80020000                        __ospi_device_0_region_start_address__ = __ospi_device_0_start__
                0x88020000                        __ospi_device_0_region_end_address__ = (__ospi_device_0_start__ + __ospi_device_0_region_max_size__)
                0x80020000                        __tz_OSPI_DEVICE_0_N = __ospi_device_0_non_retentive_end__
                0x80030000                        __tz_OSPI_DEVICE_1_S = ORIGIN (OSPI_DEVICE_1)

.OSPI_DEVICE_1  0x80030000        0x0
                0x80030000                        __ospi_device_1_start__ = .
 *(.ospi_device_1*)
 *(.code_in_ospi_device_1*)
                0x80030000                        __ospi_device_1_end__ = .
                0x00000000                        __ospi_device_1_code_size__ = (__ospi_device_1_end__ - __ospi_device_1_start__)
                0x00001fe4                        __ospi_device_1_code_addr__ = (sgstubs_pre_location + (SIZEOF (.qspi_non_retentive) + SIZEOF (.ospi_device_0_non_retentive)))

.ospi_device_1_non_retentive
                0x80030000        0x0 load address 0x00001fe4
                0x80030000                        __ospi_device_1_non_retentive_start__ = .
 *(.ospi_device_1_non_retentive*)
                0x80030000                        __ospi_device_1_non_retentive_end__ = .
                0x00000000                        __ospi_device_1_non_retentive_size__ = (__ospi_device_1_non_retentive_end__ - __ospi_device_1_non_retentive_start__)
                0x10000000                        __ospi_device_1_region_max_size__ = 0x10000000
                0x80030000                        __ospi_device_1_region_start_address__ = __ospi_device_1_start__
                0x90030000                        __ospi_device_1_region_end_address__ = (__ospi_device_1_start__ + __ospi_device_1_region_max_size__)
                0x80030000                        __tz_OSPI_DEVICE_1_N = __ospi_device_1_non_retentive_end__

.noinit         0x2000013c       0x1c
                0x2000013c                        . = ALIGN (0x4)
                0x2000013c                        __noinit_start = .
 *(.noinit*)
 .noinit        0x2000013c       0x1c ./ra/fsp/src/bsp/mcu/all/bsp_clocks.o
                0x20000158                        . = ALIGN (0x8)
 *(.heap.*)
                0x20000158                        __noinit_end = .

.bss            0x20000158      0x23c
                0x20000158                        . = ALIGN (0x4)
                0x20000158                        __bss_start__ = .
 *(.bss*)
 .bss.completed.1
                0x20000158        0x1 c:/renesas/ra/e2studio_v2023-10_fsp_v5.0.0-beta.2/toolchains/gcc_arm/12.2.mpacbti-rel1/bin/../lib/gcc/arm-none-eabi/12.2.1/thumb/v8-m.main+fp/hard/crtbegin.o
 *fill*         0x20000159        0x3 
 .bss.object.0  0x2000015c       0x18 c:/renesas/ra/e2studio_v2023-10_fsp_v5.0.0-beta.2/toolchains/gcc_arm/12.2.mpacbti-rel1/bin/../lib/gcc/arm-none-eabi/12.2.1/thumb/v8-m.main+fp/hard/crtbegin.o
 .bss.g_can_rx_frame
                0x20000174       0x14 ./src/hal_entry.o
 .bss.b_can_err
                0x20000188        0x1 ./src/hal_entry.o
 .bss.b_can_rx  0x20000189        0x1 ./src/hal_entry.o
 .bss.b_can_tx  0x2000018a        0x1 ./src/hal_entry.o
 *fill*         0x2000018b        0x1 
 .bss.g_ioport_ctrl
                0x2000018c        0x8 ./ra_gen/common_data.o
                0x2000018c                g_ioport_ctrl
 .bss.g_can_ctrl
                0x20000194       0x28 ./ra_gen/hal_data.o
                0x20000194                g_can_ctrl
 .bss.gp_callback_memory
                0x200001bc        0x4 ./ra/fsp/src/bsp/mcu/all/bsp_clocks.o
 .bss.g_bsp_clock_update_callback
                0x200001c0        0x4 ./ra/fsp/src/bsp/mcu/all/bsp_clocks.o
 .bss.g_bsp_group_irq_sources
                0x200001c4       0x40 ./ra/fsp/src/bsp/mcu/all/bsp_group_irq.o
                0x200001c4                g_bsp_group_irq_sources
 .bss.g_protect_pfswe_counter
                0x20000204        0x4 ./ra/fsp/src/bsp/mcu/all/bsp_io.o
                0x20000204                g_protect_pfswe_counter
 .bss.gp_renesas_isr_context
                0x20000208      0x180 ./ra/fsp/src/bsp/mcu/all/bsp_irq.o
                0x20000208                gp_renesas_isr_context
 .bss.g_protect_counters
                0x20000388        0x8 ./ra/fsp/src/bsp/mcu/all/bsp_register_protection.o
                0x20000388                g_protect_counters
 .bss.SystemCoreClock
                0x20000390        0x4 ./ra/fsp/src/bsp/cmsis/Device/RENESAS/Source/system.o
                0x20000390                SystemCoreClock
 *(COMMON)
                0x20000394                        . = ALIGN (0x4)
                0x20000394                        __bss_end__ = .

.heap           0x20000394        0x4
                0x20000398                        . = ALIGN (0x8)
 *fill*         0x20000394        0x4 
                0x20000398                        __HeapBase = .
 *(.heap)
                0x20000398                        __HeapLimit = .

.stack_dummy    0x20000398      0x408
                0x20000398                        . = ALIGN (0x8)
                0x20000398                        __StackLimit = .
 *(.stack)
 .stack         0x20000398      0x408 ./ra/fsp/src/bsp/cmsis/Device/RENESAS/Source/startup.o
                0x200007a0                        __StackTop = .
 *(.stack*)
                0x200007a0                        __StackTopAll = .
                0x200007a0                        PROVIDE (__stack = __StackTopAll)
                0x200007a0                        __RAM_segment_used_end__ = ALIGN (__StackTopAll, 0x4)
                0x20000800                        __tz_RAM_C = DEFINED (RAM_NSC_START)?ABSOLUTE ((RAM_NSC_START - RAM_NS_BUFFER_BLOCK_LENGTH)):__RESERVE_NS_RAM?ABSOLUTE (RAM_NS_BUFFER_BLOCK_START):ALIGN (__RAM_segment_used_end__, 0x400)
                0x20002000                        __tz_RAM_N = DEFINED (RAM_NS_START)?ABSOLUTE ((RAM_NS_START - RAM_NS_BUFFER_BLOCK_LENGTH)):__RESERVE_NS_RAM?ABSOLUTE (RAM_NS_BUFFER_BLOCK_START):ALIGN (__tz_RAM_C, 0x2000)

.ns_buffer      0x200007a0        0x0
                0x200007a0                        . = __RESERVE_NS_RAM?ABSOLUTE ((RAM_NS_BUFFER_START & 0xffffffe0)):.
 *(.ns_buffer*)

.data_flash     0x08000000        0x0
                0x08000000                        . = ORIGIN (DATA_FLASH)
                0x08000000                        __tz_DATA_FLASH_S = .
                0x08000000                        __Data_Flash_Start = .
 *(.data_flash*)
                0x08000000                        __Data_Flash_End = .
                0x08000000                        __tz_DATA_FLASH_N = DEFINED (DATA_FLASH_NS_START)?ABSOLUTE (DATA_FLASH_NS_START):__RESERVE_NS_RAM?ABSOLUTE ((DATA_FLASH_START + DATA_FLASH_LENGTH)):ALIGN (0x400)
                0x80010000                        __tz_SDRAM_S = ORIGIN (SDRAM)

.sdram          0x80010000        0x0
                0x80010000                        __SDRAM_Start = .
 *(.sdram*)
 *(.frame*)
                0x80010000                        __SDRAM_End = .
                0x80010000                        __tz_SDRAM_N = __SDRAM_End
                0x00000000                        __tz_ID_CODE_S = ORIGIN (ID_CODE)
                0x00000000                        __tz_ID_CODE_N = __tz_ID_CODE_S

.id_code        0x00000000        0x0
                0x00000000                        __ID_Code_Start = .
 *(.id_code*)
                0x00000000                        __ID_Code_End = .
                0x0100a100                        __tz_OPTION_SETTING_S = ORIGIN (OPTION_SETTING_OFS)

.option_setting_ofs
                0x0100a100       0x10
                0x0100a100                        __OPTION_SETTING_OFS_Start = .
 *(.option_setting_ofs0)
 .option_setting_ofs0
                0x0100a100        0x4 ./ra/fsp/src/bsp/mcu/all/bsp_rom_registers.o
                0x0100a104                        . = PROJECT_SECURE_OR_FLAT?(__OPTION_SETTING_OFS_Start + 0x4):__OPTION_SETTING_OFS_Start
 *(.option_setting_ofs2)
                0x0100a110                        . = PROJECT_SECURE_OR_FLAT?(__OPTION_SETTING_OFS_Start + 0x10):__OPTION_SETTING_OFS_Start
 *fill*         0x0100a104        0xc ff
 *(.option_setting_dualsel)
                0x0100a110                        __OPTION_SETTING_OFS_End = .

.option_setting_sas
                0x0100a134        0x4
                0x0100a134                        __OPTION_SETTING_SAS_Start = .
 *(.option_setting_sas)
 .option_setting_sas
                0x0100a134        0x4 ./ra/fsp/src/bsp/mcu/all/bsp_rom_registers.o
                0x0100a138                        __OPTION_SETTING_SAS_End = .
                0x0100a180                        __tz_OPTION_SETTING_N = ABSOLUTE (OPTION_SETTING_START_NS)

.option_setting_ns
                0x0100a100        0x0
                0x0100a100                        __OPTION_SETTING_NS_Start = .
 *(.option_setting_ofs1)
                0x0100a100                        . = USE_OPTION_SETTING_NS?(__OPTION_SETTING_NS_Start + 0x4):__OPTION_SETTING_NS_Start
 *(.option_setting_ofs3)
                0x0100a100                        . = USE_OPTION_SETTING_NS?(__OPTION_SETTING_NS_Start + 0x10):__OPTION_SETTING_NS_Start
 *(.option_setting_banksel)
                0x0100a100                        . = USE_OPTION_SETTING_NS?(__OPTION_SETTING_NS_Start + 0x40):__OPTION_SETTING_NS_Start
 *(.option_setting_bps0)
                0x0100a100                        . = USE_OPTION_SETTING_NS?(__OPTION_SETTING_NS_Start + 0x44):__OPTION_SETTING_NS_Start
 *(.option_setting_bps1)
                0x0100a100                        . = USE_OPTION_SETTING_NS?(__OPTION_SETTING_NS_Start + 0x48):__OPTION_SETTING_NS_Start
 *(.option_setting_bps2)
                0x0100a100                        . = USE_OPTION_SETTING_NS?(__OPTION_SETTING_NS_Start + 0x4c):__OPTION_SETTING_NS_Start
 *(.option_setting_bps3)
                0x0100a100                        . = USE_OPTION_SETTING_NS?(__OPTION_SETTING_NS_Start + 0x60):__OPTION_SETTING_NS_Start
 *(.option_setting_pbps0)
                0x0100a100                        . = USE_OPTION_SETTING_NS?(__OPTION_SETTING_NS_Start + 0x64):__OPTION_SETTING_NS_Start
 *(.option_setting_pbps1)
                0x0100a100                        . = USE_OPTION_SETTING_NS?(__OPTION_SETTING_NS_Start + 0x68):__OPTION_SETTING_NS_Start
 *(.option_setting_pbps2)
                0x0100a100                        . = USE_OPTION_SETTING_NS?(__OPTION_SETTING_NS_Start + 0x6c):__OPTION_SETTING_NS_Start
 *(.option_setting_pbps3)
                0x0100a100                        __OPTION_SETTING_NS_End = .
                0x0100a200                        __tz_OPTION_SETTING_S_S = ORIGIN (OPTION_SETTING_S)

.option_setting_s
                0x0100a200       0xd0
                0x0100a200                        __OPTION_SETTING_S_Start = .
 *(.option_setting_ofs1_sec)
 .option_setting_ofs1_sec
                0x0100a200        0x4 ./ra/fsp/src/bsp/mcu/all/bsp_rom_registers.o
                0x0100a204                        . = PROJECT_SECURE_OR_FLAT?(__OPTION_SETTING_S_Start + 0x4):__OPTION_SETTING_S_Start
 *(.option_setting_ofs3_sec)
                0x0100a210                        . = PROJECT_SECURE_OR_FLAT?(__OPTION_SETTING_S_Start + 0x10):__OPTION_SETTING_S_Start
 *fill*         0x0100a204        0xc ff
 *(.option_setting_banksel_sec)
 .option_setting_banksel_sec
                0x0100a210        0x4 ./ra/fsp/src/bsp/mcu/all/bsp_rom_registers.o
                0x0100a240                        . = PROJECT_SECURE_OR_FLAT?(__OPTION_SETTING_S_Start + 0x40):__OPTION_SETTING_S_Start
 *fill*         0x0100a214       0x2c ff
 *(.option_setting_bps_sec0)
 .option_setting_bps_sec0
                0x0100a240        0x4 ./ra/fsp/src/bsp/mcu/all/bsp_rom_registers.o
                0x0100a244                        . = PROJECT_SECURE_OR_FLAT?(__OPTION_SETTING_S_Start + 0x44):__OPTION_SETTING_S_Start
 *(.option_setting_bps_sec1)
 .option_setting_bps_sec1
                0x0100a244        0x4 ./ra/fsp/src/bsp/mcu/all/bsp_rom_registers.o
                0x0100a248                        . = PROJECT_SECURE_OR_FLAT?(__OPTION_SETTING_S_Start + 0x48):__OPTION_SETTING_S_Start
 *(.option_setting_bps_sec2)
 .option_setting_bps_sec2
                0x0100a248        0x4 ./ra/fsp/src/bsp/mcu/all/bsp_rom_registers.o
                0x0100a24c                        . = PROJECT_SECURE_OR_FLAT?(__OPTION_SETTING_S_Start + 0x4c):__OPTION_SETTING_S_Start
 *(.option_setting_bps_sec3)
 .option_setting_bps_sec3
                0x0100a24c        0x4 ./ra/fsp/src/bsp/mcu/all/bsp_rom_registers.o
                0x0100a260                        . = PROJECT_SECURE_OR_FLAT?(__OPTION_SETTING_S_Start + 0x60):__OPTION_SETTING_S_Start
 *fill*         0x0100a250       0x10 ff
 *(.option_setting_pbps_sec0)
 .option_setting_pbps_sec0
                0x0100a260        0x4 ./ra/fsp/src/bsp/mcu/all/bsp_rom_registers.o
                0x0100a264                        . = PROJECT_SECURE_OR_FLAT?(__OPTION_SETTING_S_Start + 0x64):__OPTION_SETTING_S_Start
 *(.option_setting_pbps_sec1)
 .option_setting_pbps_sec1
                0x0100a264        0x4 ./ra/fsp/src/bsp/mcu/all/bsp_rom_registers.o
                0x0100a268                        . = PROJECT_SECURE_OR_FLAT?(__OPTION_SETTING_S_Start + 0x68):__OPTION_SETTING_S_Start
 *(.option_setting_pbps_sec2)
 .option_setting_pbps_sec2
                0x0100a268        0x4 ./ra/fsp/src/bsp/mcu/all/bsp_rom_registers.o
                0x0100a26c                        . = PROJECT_SECURE_OR_FLAT?(__OPTION_SETTING_S_Start + 0x6c):__OPTION_SETTING_S_Start
 *(.option_setting_pbps_sec3)
 .option_setting_pbps_sec3
                0x0100a26c        0x4 ./ra/fsp/src/bsp/mcu/all/bsp_rom_registers.o
                0x0100a280                        . = PROJECT_SECURE_OR_FLAT?(__OPTION_SETTING_S_Start + 0x80):__OPTION_SETTING_S_Start
 *fill*         0x0100a270       0x10 ff
 *(.option_setting_ofs1_sel)
 .option_setting_ofs1_sel
                0x0100a280        0x4 ./ra/fsp/src/bsp/mcu/all/bsp_rom_registers.o
                0x0100a284                        . = PROJECT_SECURE_OR_FLAT?(__OPTION_SETTING_S_Start + 0x84):__OPTION_SETTING_S_Start
 *(.option_setting_ofs3_sel)
                0x0100a290                        . = PROJECT_SECURE_OR_FLAT?(__OPTION_SETTING_S_Start + 0x90):__OPTION_SETTING_S_Start
 *fill*         0x0100a284        0xc ff
 *(.option_setting_banksel_sel)
                0x0100a2c0                        . = PROJECT_SECURE_OR_FLAT?(__OPTION_SETTING_S_Start + 0xc0):__OPTION_SETTING_S_Start
 *fill*         0x0100a290       0x30 ff
 *(.option_setting_bps_sel0)
 .option_setting_bps_sel0
                0x0100a2c0        0x4 ./ra/fsp/src/bsp/mcu/all/bsp_rom_registers.o
                0x0100a2c4                        . = PROJECT_SECURE_OR_FLAT?(__OPTION_SETTING_S_Start + 0xc4):__OPTION_SETTING_S_Start
 *(.option_setting_bps_sel1)
 .option_setting_bps_sel1
                0x0100a2c4        0x4 ./ra/fsp/src/bsp/mcu/all/bsp_rom_registers.o
                0x0100a2c8                        . = PROJECT_SECURE_OR_FLAT?(__OPTION_SETTING_S_Start + 0xc8):__OPTION_SETTING_S_Start
 *(.option_setting_bps_sel2)
 .option_setting_bps_sel2
                0x0100a2c8        0x4 ./ra/fsp/src/bsp/mcu/all/bsp_rom_registers.o
                0x0100a2cc                        . = PROJECT_SECURE_OR_FLAT?(__OPTION_SETTING_S_Start + 0xcc):__OPTION_SETTING_S_Start
 *(.option_setting_bps_sel3)
 .option_setting_bps_sel3
                0x0100a2cc        0x4 ./ra/fsp/src/bsp/mcu/all/bsp_rom_registers.o
                0x0100a2d0                        __OPTION_SETTING_S_End = .
                0x0100a2d0                        __tz_OPTION_SETTING_S_N = __OPTION_SETTING_S_End
OUTPUT(trustzone_can_ek_ra4m3_s.elf elf32-littlearm)
LOAD linker stubs

.rel.dyn        0x0100a2d0        0x0
 .rel.iplt      0x0100a2d0        0x0 c:/renesas/ra/e2studio_v2023-10_fsp_v5.0.0-beta.2/toolchains/gcc_arm/12.2.mpacbti-rel1/bin/../lib/gcc/arm-none-eabi/12.2.1/thumb/v8-m.main+fp/hard/crtbegin.o

.ARM.attributes
                0x00000000       0x36
 .ARM.attributes
                0x00000000       0x26 c:/renesas/ra/e2studio_v2023-10_fsp_v5.0.0-beta.2/toolchains/gcc_arm/12.2.mpacbti-rel1/bin/../lib/gcc/arm-none-eabi/12.2.1/thumb/v8-m.main+fp/hard/crti.o
 .ARM.attributes
                0x00000026       0x38 c:/renesas/ra/e2studio_v2023-10_fsp_v5.0.0-beta.2/toolchains/gcc_arm/12.2.mpacbti-rel1/bin/../lib/gcc/arm-none-eabi/12.2.1/thumb/v8-m.main+fp/hard/crtbegin.o
 .ARM.attributes
                0x0000005e       0x3a ./src/hal_entry.o
 .ARM.attributes
                0x00000098       0x3a ./ra_gen/common_data.o
 .ARM.attributes
                0x000000d2       0x3a ./ra_gen/hal_data.o
 .ARM.attributes
                0x0000010c       0x3a ./ra_gen/main.o
 .ARM.attributes
                0x00000146       0x3a ./ra_gen/pin_data.o
 .ARM.attributes
                0x00000180       0x3a ./ra_gen/vector_data.o
 .ARM.attributes
                0x000001ba       0x3a ./ra/fsp/src/r_ioport/r_ioport.o
 .ARM.attributes
                0x000001f4       0x3a ./ra/fsp/src/r_can/r_can.o
 .ARM.attributes
                0x0000022e       0x3a ./ra/fsp/src/bsp/mcu/all/bsp_clocks.o
 .ARM.attributes
                0x00000268       0x3a ./ra/fsp/src/bsp/mcu/all/bsp_common.o
 .ARM.attributes
                0x000002a2       0x3a ./ra/fsp/src/bsp/mcu/all/bsp_delay.o
 .ARM.attributes
                0x000002dc       0x3a ./ra/fsp/src/bsp/mcu/all/bsp_group_irq.o
 .ARM.attributes
                0x00000316       0x3a ./ra/fsp/src/bsp/mcu/all/bsp_io.o
 .ARM.attributes
                0x00000350       0x3a ./ra/fsp/src/bsp/mcu/all/bsp_irq.o
 .ARM.attributes
                0x0000038a       0x3a ./ra/fsp/src/bsp/mcu/all/bsp_register_protection.o
 .ARM.attributes
                0x000003c4       0x3a ./ra/fsp/src/bsp/mcu/all/bsp_rom_registers.o
 .ARM.attributes
                0x000003fe       0x3a ./ra/fsp/src/bsp/mcu/all/bsp_security.o
 .ARM.attributes
                0x00000438       0x3a ./ra/fsp/src/bsp/cmsis/Device/RENESAS/Source/startup.o
 .ARM.attributes
                0x00000472       0x3a ./ra/fsp/src/bsp/cmsis/Device/RENESAS/Source/system.o
 .ARM.attributes
                0x000004ac       0x3a ./ra/board/ra4m3_ek/board_init.o
 .ARM.attributes
                0x000004e6       0x24 c:/renesas/ra/e2studio_v2023-10_fsp_v5.0.0-beta.2/toolchains/gcc_arm/12.2.mpacbti-rel1/bin/../lib/gcc/arm-none-eabi/12.2.1/thumb/v8-m.main+fp/hard\libgcc.a(cmse_nonsecure_call.o)
 .ARM.attributes
                0x0000050a       0x38 c:/renesas/ra/e2studio_v2023-10_fsp_v5.0.0-beta.2/toolchains/gcc_arm/12.2.mpacbti-rel1/bin/../lib/gcc/arm-none-eabi/12.2.1/thumb/v8-m.main+fp/hard\libg_nano.a(libc_a-memset.o)
 .ARM.attributes
                0x00000542       0x38 c:/renesas/ra/e2studio_v2023-10_fsp_v5.0.0-beta.2/toolchains/gcc_arm/12.2.mpacbti-rel1/bin/../lib/gcc/arm-none-eabi/12.2.1/thumb/v8-m.main+fp/hard\libg_nano.a(libc_a-memcpy-stub.o)
 .ARM.attributes
                0x0000057a       0x24 c:/renesas/ra/e2studio_v2023-10_fsp_v5.0.0-beta.2/toolchains/gcc_arm/12.2.mpacbti-rel1/bin/../lib/gcc/arm-none-eabi/12.2.1/thumb/v8-m.main+fp/hard\libg_nano.a(libc_a-strlen.o)
 .ARM.attributes
                0x0000059e       0x38 c:/renesas/ra/e2studio_v2023-10_fsp_v5.0.0-beta.2/toolchains/gcc_arm/12.2.mpacbti-rel1/bin/../lib/gcc/arm-none-eabi/12.2.1/thumb/v8-m.main+fp/hard/crtend.o
 .ARM.attributes
                0x000005d6       0x26 c:/renesas/ra/e2studio_v2023-10_fsp_v5.0.0-beta.2/toolchains/gcc_arm/12.2.mpacbti-rel1/bin/../lib/gcc/arm-none-eabi/12.2.1/thumb/v8-m.main+fp/hard/crtn.o

.comment        0x00000000       0x55
 .comment       0x00000000       0x55 ./src/hal_entry.o
                                 0x56 (size before relaxing)
 .comment       0x00000055       0x56 ./ra_gen/common_data.o
 .comment       0x00000055       0x56 ./ra_gen/hal_data.o
 .comment       0x00000055       0x56 ./ra_gen/main.o
 .comment       0x00000055       0x56 ./ra_gen/pin_data.o
 .comment       0x00000055       0x56 ./ra_gen/vector_data.o
 .comment       0x00000055       0x56 ./ra/fsp/src/r_ioport/r_ioport.o
 .comment       0x00000055       0x56 ./ra/fsp/src/r_can/r_can.o
 .comment       0x00000055       0x56 ./ra/fsp/src/bsp/mcu/all/bsp_clocks.o
 .comment       0x00000055       0x56 ./ra/fsp/src/bsp/mcu/all/bsp_common.o
 .comment       0x00000055       0x56 ./ra/fsp/src/bsp/mcu/all/bsp_delay.o
 .comment       0x00000055       0x56 ./ra/fsp/src/bsp/mcu/all/bsp_group_irq.o
 .comment       0x00000055       0x56 ./ra/fsp/src/bsp/mcu/all/bsp_io.o
 .comment       0x00000055       0x56 ./ra/fsp/src/bsp/mcu/all/bsp_irq.o
 .comment       0x00000055       0x56 ./ra/fsp/src/bsp/mcu/all/bsp_register_protection.o
 .comment       0x00000055       0x56 ./ra/fsp/src/bsp/mcu/all/bsp_rom_registers.o
 .comment       0x00000055       0x56 ./ra/fsp/src/bsp/mcu/all/bsp_security.o
 .comment       0x00000055       0x56 ./ra/fsp/src/bsp/cmsis/Device/RENESAS/Source/startup.o
 .comment       0x00000055       0x56 ./ra/fsp/src/bsp/cmsis/Device/RENESAS/Source/system.o
 .comment       0x00000055       0x56 ./ra/board/ra4m3_ek/board_init.o

.debug_info     0x00000000    0x2c8f2
 .debug_info    0x00000000     0x26a8 ./src/g_can_guard.o
 .debug_info    0x000026a8     0x3490 ./src/hal_entry.o
 .debug_info    0x00005b38     0x1209 ./ra_gen/common_data.o
 .debug_info    0x00006d41     0x2652 ./ra_gen/hal_data.o
 .debug_info    0x00009393       0x9b ./ra_gen/main.o
 .debug_info    0x0000942e      0xd36 ./ra_gen/pin_data.o
 .debug_info    0x0000a164      0x6bf ./ra_gen/vector_data.o
 .debug_info    0x0000a823     0x819e ./ra/fsp/src/r_ioport/r_ioport.o
 .debug_info    0x000129c1     0x5715 ./ra/fsp/src/r_can/r_can.o
 .debug_info    0x000180d6     0x60df ./ra/fsp/src/bsp/mcu/all/bsp_clocks.o
 .debug_info    0x0001e1b5      0x916 ./ra/fsp/src/bsp/mcu/all/bsp_common.o
 .debug_info    0x0001eacb      0x1d1 ./ra/fsp/src/bsp/mcu/all/bsp_delay.o
 .debug_info    0x0001ec9c     0x13d8 ./ra/fsp/src/bsp/mcu/all/bsp_group_irq.o
 .debug_info    0x00020074      0x8a2 ./ra/fsp/src/bsp/mcu/all/bsp_guard.o
 .debug_info    0x00020916       0xa3 ./ra/fsp/src/bsp/mcu/all/bsp_io.o
 .debug_info    0x000209b9     0x1d0e ./ra/fsp/src/bsp/mcu/all/bsp_irq.o
 .debug_info    0x000226c7     0x3eab ./ra/fsp/src/bsp/mcu/all/bsp_register_protection.o
 .debug_info    0x00026572      0x1ba ./ra/fsp/src/bsp/mcu/all/bsp_rom_registers.o
 .debug_info    0x0002672c     0x5604 ./ra/fsp/src/bsp/mcu/all/bsp_security.o
 .debug_info    0x0002bd30      0x159 ./ra/fsp/src/bsp/cmsis/Device/RENESAS/Source/startup.o
 .debug_info    0x0002be89      0x9d3 ./ra/fsp/src/bsp/cmsis/Device/RENESAS/Source/system.o
 .debug_info    0x0002c85c       0x96 ./ra/board/ra4m3_ek/board_init.o

.debug_abbrev   0x00000000     0x2e44
 .debug_abbrev  0x00000000      0x2a4 ./src/g_can_guard.o
 .debug_abbrev  0x000002a4      0x445 ./src/hal_entry.o
 .debug_abbrev  0x000006e9      0x150 ./ra_gen/common_data.o
 .debug_abbrev  0x00000839      0x283 ./ra_gen/hal_data.o
 .debug_abbrev  0x00000abc       0x64 ./ra_gen/main.o
 .debug_abbrev  0x00000b20      0x1df ./ra_gen/pin_data.o
 .debug_abbrev  0x00000cff       0xba ./ra_gen/vector_data.o
 .debug_abbrev  0x00000db9      0x470 ./ra/fsp/src/r_ioport/r_ioport.o
 .debug_abbrev  0x00001229      0x557 ./ra/fsp/src/r_can/r_can.o
 .debug_abbrev  0x00001780      0x40b ./ra/fsp/src/bsp/mcu/all/bsp_clocks.o
 .debug_abbrev  0x00001b8b      0x172 ./ra/fsp/src/bsp/mcu/all/bsp_common.o
 .debug_abbrev  0x00001cfd      0x111 ./ra/fsp/src/bsp/mcu/all/bsp_delay.o
 .debug_abbrev  0x00001e0e      0x254 ./ra/fsp/src/bsp/mcu/all/bsp_group_irq.o
 .debug_abbrev  0x00002062      0x164 ./ra/fsp/src/bsp/mcu/all/bsp_guard.o
 .debug_abbrev  0x000021c6       0x5e ./ra/fsp/src/bsp/mcu/all/bsp_io.o
 .debug_abbrev  0x00002224      0x271 ./ra/fsp/src/bsp/mcu/all/bsp_irq.o
 .debug_abbrev  0x00002495      0x277 ./ra/fsp/src/bsp/mcu/all/bsp_register_protection.o
 .debug_abbrev  0x0000270c       0x4d ./ra/fsp/src/bsp/mcu/all/bsp_rom_registers.o
 .debug_abbrev  0x00002759      0x2ce ./ra/fsp/src/bsp/mcu/all/bsp_security.o
 .debug_abbrev  0x00002a27       0xf9 ./ra/fsp/src/bsp/cmsis/Device/RENESAS/Source/startup.o
 .debug_abbrev  0x00002b20      0x2c8 ./ra/fsp/src/bsp/cmsis/Device/RENESAS/Source/system.o
 .debug_abbrev  0x00002de8       0x5c ./ra/board/ra4m3_ek/board_init.o

.debug_loc      0x00000000     0x31ab
 .debug_loc     0x00000000      0x3ed ./src/g_can_guard.o
 .debug_loc     0x000003ed      0x258 ./src/hal_entry.o
 .debug_loc     0x00000645      0x168 ./ra_gen/pin_data.o
 .debug_loc     0x000007ad      0xb53 ./ra/fsp/src/r_ioport/r_ioport.o
 .debug_loc     0x00001300     0x14b2 ./ra/fsp/src/r_can/r_can.o
 .debug_loc     0x000027b2      0x3ff ./ra/fsp/src/bsp/mcu/all/bsp_clocks.o
 .debug_loc     0x00002bb1       0x22 ./ra/fsp/src/bsp/mcu/all/bsp_common.o
 .debug_loc     0x00002bd3      0x198 ./ra/fsp/src/bsp/mcu/all/bsp_delay.o
 .debug_loc     0x00002d6b       0x90 ./ra/fsp/src/bsp/mcu/all/bsp_group_irq.o
 .debug_loc     0x00002dfb       0x84 ./ra/fsp/src/bsp/mcu/all/bsp_guard.o
 .debug_loc     0x00002e7f      0x121 ./ra/fsp/src/bsp/mcu/all/bsp_irq.o
 .debug_loc     0x00002fa0      0x105 ./ra/fsp/src/bsp/mcu/all/bsp_register_protection.o
 .debug_loc     0x000030a5       0x16 ./ra/fsp/src/bsp/mcu/all/bsp_security.o
 .debug_loc     0x000030bb       0xf0 ./ra/fsp/src/bsp/cmsis/Device/RENESAS/Source/system.o

.debug_aranges  0x00000000      0x468
 .debug_aranges
                0x00000000       0x50 ./src/g_can_guard.o
 .debug_aranges
                0x00000050       0x40 ./src/hal_entry.o
 .debug_aranges
                0x00000090       0x20 ./ra_gen/common_data.o
 .debug_aranges
                0x000000b0       0x20 ./ra_gen/hal_data.o
 .debug_aranges
                0x000000d0       0x20 ./ra_gen/main.o
 .debug_aranges
                0x000000f0       0x20 ./ra_gen/pin_data.o
 .debug_aranges
                0x00000110       0x18 ./ra_gen/vector_data.o
 .debug_aranges
                0x00000128       0x90 ./ra/fsp/src/r_ioport/r_ioport.o
 .debug_aranges
                0x000001b8       0x78 ./ra/fsp/src/r_can/r_can.o
 .debug_aranges
                0x00000230       0x78 ./ra/fsp/src/bsp/mcu/all/bsp_clocks.o
 .debug_aranges
                0x000002a8       0x30 ./ra/fsp/src/bsp/mcu/all/bsp_common.o
 .debug_aranges
                0x000002d8       0x28 ./ra/fsp/src/bsp/mcu/all/bsp_delay.o
 .debug_aranges
                0x00000300       0x28 ./ra/fsp/src/bsp/mcu/all/bsp_group_irq.o
 .debug_aranges
                0x00000328       0x20 ./ra/fsp/src/bsp/mcu/all/bsp_guard.o
 .debug_aranges
                0x00000348       0x18 ./ra/fsp/src/bsp/mcu/all/bsp_io.o
 .debug_aranges
                0x00000360       0x20 ./ra/fsp/src/bsp/mcu/all/bsp_irq.o
 .debug_aranges
                0x00000380       0x28 ./ra/fsp/src/bsp/mcu/all/bsp_register_protection.o
 .debug_aranges
                0x000003a8       0x18 ./ra/fsp/src/bsp/mcu/all/bsp_rom_registers.o
 .debug_aranges
                0x000003c0       0x38 ./ra/fsp/src/bsp/mcu/all/bsp_security.o
 .debug_aranges
                0x000003f8       0x28 ./ra/fsp/src/bsp/cmsis/Device/RENESAS/Source/startup.o
 .debug_aranges
                0x00000420       0x28 ./ra/fsp/src/bsp/cmsis/Device/RENESAS/Source/system.o
 .debug_aranges
                0x00000448       0x20 ./ra/board/ra4m3_ek/board_init.o

.debug_ranges   0x00000000      0xbc8
 .debug_ranges  0x00000000       0x40 ./src/g_can_guard.o
 .debug_ranges  0x00000040       0xb0 ./src/hal_entry.o
 .debug_ranges  0x000000f0       0x10 ./ra_gen/common_data.o
 .debug_ranges  0x00000100       0x10 ./ra_gen/hal_data.o
 .debug_ranges  0x00000110       0x10 ./ra_gen/main.o
 .debug_ranges  0x00000120       0x68 ./ra_gen/pin_data.o
 .debug_ranges  0x00000188      0x158 ./ra/fsp/src/r_ioport/r_ioport.o
 .debug_ranges  0x000002e0      0x560 ./ra/fsp/src/r_can/r_can.o
 .debug_ranges  0x00000840      0x198 ./ra/fsp/src/bsp/mcu/all/bsp_clocks.o
 .debug_ranges  0x000009d8       0x20 ./ra/fsp/src/bsp/mcu/all/bsp_common.o
 .debug_ranges  0x000009f8       0x18 ./ra/fsp/src/bsp/mcu/all/bsp_delay.o
 .debug_ranges  0x00000a10       0x58 ./ra/fsp/src/bsp/mcu/all/bsp_group_irq.o
 .debug_ranges  0x00000a68       0x10 ./ra/fsp/src/bsp/mcu/all/bsp_guard.o
 .debug_ranges  0x00000a78       0x70 ./ra/fsp/src/bsp/mcu/all/bsp_irq.o
 .debug_ranges  0x00000ae8       0x48 ./ra/fsp/src/bsp/mcu/all/bsp_register_protection.o
 .debug_ranges  0x00000b30       0x40 ./ra/fsp/src/bsp/mcu/all/bsp_security.o
 .debug_ranges  0x00000b70       0x18 ./ra/fsp/src/bsp/cmsis/Device/RENESAS/Source/startup.o
 .debug_ranges  0x00000b88       0x30 ./ra/fsp/src/bsp/cmsis/Device/RENESAS/Source/system.o
 .debug_ranges  0x00000bb8       0x10 ./ra/board/ra4m3_ek/board_init.o

.debug_line     0x00000000     0x6cee
 .debug_line    0x00000000      0x544 ./src/g_can_guard.o
 .debug_line    0x00000544      0x882 ./src/hal_entry.o
 .debug_line    0x00000dc6      0x2fb ./ra_gen/common_data.o
 .debug_line    0x000010c1      0x328 ./ra_gen/hal_data.o
 .debug_line    0x000013e9       0x5e ./ra_gen/main.o
 .debug_line    0x00001447      0x432 ./ra_gen/pin_data.o
 .debug_line    0x00001879      0x162 ./ra_gen/vector_data.o
 .debug_line    0x000019db      0xbdb ./ra/fsp/src/r_ioport/r_ioport.o
 .debug_line    0x000025b6     0x1706 ./ra/fsp/src/r_can/r_can.o
 .debug_line    0x00003cbc      0xa1e ./ra/fsp/src/bsp/mcu/all/bsp_clocks.o
 .debug_line    0x000046da      0x306 ./ra/fsp/src/bsp/mcu/all/bsp_common.o
 .debug_line    0x000049e0      0x2de ./ra/fsp/src/bsp/mcu/all/bsp_delay.o
 .debug_line    0x00004cbe      0x345 ./ra/fsp/src/bsp/mcu/all/bsp_group_irq.o
 .debug_line    0x00005003      0x2fe ./ra/fsp/src/bsp/mcu/all/bsp_guard.o
 .debug_line    0x00005301      0x1ac ./ra/fsp/src/bsp/mcu/all/bsp_io.o
 .debug_line    0x000054ad      0x568 ./ra/fsp/src/bsp/mcu/all/bsp_irq.o
 .debug_line    0x00005a15      0x3f9 ./ra/fsp/src/bsp/mcu/all/bsp_register_protection.o
 .debug_line    0x00005e0e      0x155 ./ra/fsp/src/bsp/mcu/all/bsp_rom_registers.o
 .debug_line    0x00005f63      0x52d ./ra/fsp/src/bsp/mcu/all/bsp_security.o
 .debug_line    0x00006490      0x230 ./ra/fsp/src/bsp/cmsis/Device/RENESAS/Source/startup.o
 .debug_line    0x000066c0      0x5d4 ./ra/fsp/src/bsp/cmsis/Device/RENESAS/Source/system.o
 .debug_line    0x00006c94       0x5a ./ra/board/ra4m3_ek/board_init.o

.debug_str      0x00000000     0xa7f8
 .debug_str     0x00000000     0x261f ./src/g_can_guard.o
                               0x273a (size before relaxing)
 .debug_str     0x0000261f     0x189f ./src/hal_entry.o
                               0x3e3f (size before relaxing)
 .debug_str     0x00003ebe      0x232 ./ra_gen/common_data.o
                               0x327c (size before relaxing)
 .debug_str     0x000040f0      0x350 ./ra_gen/hal_data.o
                               0x2951 (size before relaxing)
 .debug_str     0x00004440       0x16 ./ra_gen/main.o
                                0x1da (size before relaxing)
 .debug_str     0x00004456      0x670 ./ra_gen/pin_data.o
                               0x1e5a (size before relaxing)
 .debug_str     0x00004ac6     0x15d8 ./ra_gen/vector_data.o
                               0x1792 (size before relaxing)
 .debug_str     0x0000609e     0x21d2 ./ra/fsp/src/r_ioport/r_ioport.o
                               0x5b17 (size before relaxing)
 .debug_str     0x00008270      0xc77 ./ra/fsp/src/r_can/r_can.o
                               0x37f6 (size before relaxing)
 .debug_str     0x00008ee7      0x852 ./ra/fsp/src/bsp/mcu/all/bsp_clocks.o
                               0x269a (size before relaxing)
 .debug_str     0x00009739      0x10b ./ra/fsp/src/bsp/mcu/all/bsp_common.o
                               0x1b90 (size before relaxing)
 .debug_str     0x00009844       0xaa ./ra/fsp/src/bsp/mcu/all/bsp_delay.o
                                0x309 (size before relaxing)
 .debug_str     0x000098ee      0x1de ./ra/fsp/src/bsp/mcu/all/bsp_group_irq.o
                               0x209b (size before relaxing)
 .debug_str     0x00009acc       0x43 ./ra/fsp/src/bsp/mcu/all/bsp_guard.o
                               0x1b70 (size before relaxing)
 .debug_str     0x00009b0f       0x23 ./ra/fsp/src/bsp/mcu/all/bsp_io.o
                                0x209 (size before relaxing)
 .debug_str     0x00009b32      0x36f ./ra/fsp/src/bsp/mcu/all/bsp_irq.o
                               0x203e (size before relaxing)
 .debug_str     0x00009ea1       0x76 ./ra/fsp/src/bsp/mcu/all/bsp_register_protection.o
                               0x1ac0 (size before relaxing)
 .debug_str     0x00009f17      0x16f ./ra/fsp/src/bsp/mcu/all/bsp_rom_registers.o
                                0x33d (size before relaxing)
 .debug_str     0x0000a086      0x5eb ./ra/fsp/src/bsp/mcu/all/bsp_security.o
                               0x23ca (size before relaxing)
 .debug_str     0x0000a671       0x82 ./ra/fsp/src/bsp/cmsis/Device/RENESAS/Source/startup.o
                                0x271 (size before relaxing)
 .debug_str     0x0000a6f3       0xe3 ./ra/fsp/src/bsp/cmsis/Device/RENESAS/Source/system.o
                                0x698 (size before relaxing)
 .debug_str     0x0000a7d6       0x22 ./ra/board/ra4m3_ek/board_init.o
                                0x1ec (size before relaxing)

.debug_frame    0x00000000      0x900
 .debug_frame   0x00000000       0xe8 ./src/g_can_guard.o
 .debug_frame   0x000000e8       0x8c ./src/hal_entry.o
 .debug_frame   0x00000174       0x20 ./ra_gen/common_data.o
 .debug_frame   0x00000194       0x20 ./ra_gen/hal_data.o
 .debug_frame   0x000001b4       0x28 ./ra_gen/main.o
 .debug_frame   0x000001dc       0x30 ./ra_gen/pin_data.o
 .debug_frame   0x0000020c      0x170 ./ra/fsp/src/r_ioport/r_ioport.o
 .debug_frame   0x0000037c      0x188 ./ra/fsp/src/r_can/r_can.o
 .debug_frame   0x00000504      0x124 ./ra/fsp/src/bsp/mcu/all/bsp_clocks.o
 .debug_frame   0x00000628       0x40 ./ra/fsp/src/bsp/mcu/all/bsp_common.o
 .debug_frame   0x00000668       0x48 ./ra/fsp/src/bsp/mcu/all/bsp_delay.o
 .debug_frame   0x000006b0       0x3c ./ra/fsp/src/bsp/mcu/all/bsp_group_irq.o
 .debug_frame   0x000006ec       0x38 ./ra/fsp/src/bsp/mcu/all/bsp_guard.o
 .debug_frame   0x00000724       0x30 ./ra/fsp/src/bsp/mcu/all/bsp_irq.o
 .debug_frame   0x00000754       0x48 ./ra/fsp/src/bsp/mcu/all/bsp_register_protection.o
 .debug_frame   0x0000079c       0x80 ./ra/fsp/src/bsp/mcu/all/bsp_security.o
 .debug_frame   0x0000081c       0x38 ./ra/fsp/src/bsp/cmsis/Device/RENESAS/Source/startup.o
 .debug_frame   0x00000854       0x44 ./ra/fsp/src/bsp/cmsis/Device/RENESAS/Source/system.o
 .debug_frame   0x00000898       0x20 ./ra/board/ra4m3_ek/board_init.o
 .debug_frame   0x000008b8       0x20 c:/renesas/ra/e2studio_v2023-10_fsp_v5.0.0-beta.2/toolchains/gcc_arm/12.2.mpacbti-rel1/bin/../lib/gcc/arm-none-eabi/12.2.1/thumb/v8-m.main+fp/hard\libg_nano.a(libc_a-memset.o)
 .debug_frame   0x000008d8       0x28 c:/renesas/ra/e2studio_v2023-10_fsp_v5.0.0-beta.2/toolchains/gcc_arm/12.2.mpacbti-rel1/bin/../lib/gcc/arm-none-eabi/12.2.1/thumb/v8-m.main+fp/hard\libg_nano.a(libc_a-memcpy-stub.o)

.debug_line_str
                0x00000000      0x1ea
 .debug_line_str
                0x00000000       0xeb c:/renesas/ra/e2studio_v2023-10_fsp_v5.0.0-beta.2/toolchains/gcc_arm/12.2.mpacbti-rel1/bin/../lib/gcc/arm-none-eabi/12.2.1/thumb/v8-m.main+fp/hard\libgcc.a(cmse_nonsecure_call.o)
 .debug_line_str
                0x000000eb       0xff c:/renesas/ra/e2studio_v2023-10_fsp_v5.0.0-beta.2/toolchains/gcc_arm/12.2.mpacbti-rel1/bin/../lib/gcc/arm-none-eabi/12.2.1/thumb/v8-m.main+fp/hard\libg_nano.a(libc_a-strlen.o)
